All required files were found.

Raster information
------------------
CRS: EPSG:32638
Bands: 3
Shape: (10980, 10982)
Pixel size: (10.0, 10.0)
Data types: ['uint8', 'uint8', 'uint8']
Bounds: BoundingBox(left=499960.0, bottom=3490210.0, right=609780.0, top=3600010.0)

Vector information
------------------
Tell polygons: 1242
AOI features: 1
Tell CRS: EPSG:32638
AOI CRS: EPSG:32638

Geometry checks
---------------
Invalid tells: 0
Empty tells: 0
Missing tells: 0
Tells intersecting raster: 1242 / 1242
Tells fully inside raster: 1237 / 1242
polygon_id field exists: True
polygon_id values are unique: True

Final checks
------------
raster_has_3_bands: True
raster_is_epsg_32638: True
raster_has_10m_pixels: True
tell_count_is_1242: True
no_invalid_tells: True
no_empty_tells: True
no_missing_tells: True
all_tells_intersect_raster: True
polygon_id_exists: True
polygon_id_is_unique: True

AUDIT PASSED: True

Saved report to:
/home3/gdyx28/Research Project/Research Project/iraq_tells_gis/Models/model_05_b4_slope_tpi_yolo/reports/input_audit.json
