Starting Model 5 error analysis
Running on: gpu11
CUDA available: True
GPU: NVIDIA A100 80GB PCIe MIG 1g.10gb
Prediction device: 0
Confidence threshold: 0.1
IoU matching threshold: 0.5

Model 5 test error analysis
---------------------------
Test tiles:       290
Ground truths:    341
Predictions:      569
True positives:   107
False positives:  462
False negatives:  234
Precision at conf 0.10: 0.1880
Recall at conf 0.10:    0.3138

Recall by ground-truth box size
--------------------------------
         size_group  labelled_instances  detected_instances  mean_width_pixels  mean_height_pixels  mean_area_pixels   recall
 largest_25_percent                  85                  51          64.994840           65.406259       4876.852119 0.600000
    medium_to_large                  85                  47          28.626534           29.574951        855.354843 0.552941
    small_to_medium                  85                   9          18.901155           20.513141        386.299250 0.105882
smallest_25_percent                  86                   0          10.216424           10.071457        109.335749 0.000000

Saved summary to:
/home3/gdyx28/Research Project/Research Project/iraq_tells_gis/Models/model_05_b4_slope_tpi_yolo/reports/model_05_error_analysis_summary.json

Saved annotated examples to:
/home3/gdyx28/Research Project/Research Project/iraq_tells_gis/Models/model_05_b4_slope_tpi_yolo/figures/test_error_analysis
