Starting Model 4 error analysis
Running on: gpu10
CUDA available: True
GPU: NVIDIA A100 80GB PCIe MIG 1g.10gb
Prediction device: 0
Confidence threshold: 0.1
IoU matching threshold: 0.5

Model 3 test error analysis
---------------------------
Test tiles:       290
Ground truths:    341
Predictions:      272
True positives:   67
False positives:  205
False negatives:  274
Precision at conf 0.10: 0.2463
Recall at conf 0.10:    0.1965

Recall by ground-truth box size
--------------------------------
         size_group  labelled_instances  detected_instances  mean_width_pixels  mean_height_pixels  mean_area_pixels   recall
 largest_25_percent                  85                  41          64.994840           65.406259       4876.852119 0.482353
    medium_to_large                  85                  24          28.626534           29.574951        855.354843 0.282353
    small_to_medium                  85                   2          18.901155           20.513141        386.299250 0.023529
smallest_25_percent                  86                   0          10.216424           10.071457        109.335749 0.000000

Saved summary to:
/home3/gdyx28/Research Project/Research Project/iraq_tells_gis/Models/model_04_b11_slope_tpi_yolo11m/reports/model_04_error_analysis_summary.json

Saved annotated examples to:
/home3/gdyx28/Research Project/Research Project/iraq_tells_gis/Models/model_04_b11_slope_tpi_yolo11m/figures/test_error_analysis
