Starting Model 14 error analysis
Running on: gpu10
Python: /home3/gdyx28/iraq_tells_env/bin/python
PyTorch: 2.13.0+cu130
CUDA available: True
GPU: NVIDIA A100 80GB PCIe MIG 1g.10gb
Prediction device: 0
Confidence threshold: 0.1
IoU matching threshold: 0.5

Model 12 test error analysis
---------------------------
Test tiles:       290
Ground truths:    353
Predictions:      452
True positives:   123
False positives:  329
False negatives:  230
Precision at conf 0.10: 0.2721
Recall at conf 0.10:    0.3484

Recall by ground-truth box size
--------------------------------
         size_group  labelled_instances  detected_instances  mean_width_pixels  mean_height_pixels  mean_area_pixels   recall
    small_to_medium                  88                  14          22.859293           25.995951        601.906727 0.159091
    medium_to_large                  88                  52          38.901353           38.198895       1473.214757 0.590909
smallest_25_percent                  89                   0          10.878061           11.175125        125.836682 0.000000
 largest_25_percent                  88                  57          66.349708           66.246813       4774.713974 0.647727

Saved summary to:
/home3/gdyx28/Research Project/Research Project/iraq_tells_gis/Models/model_14_nd11_4_slope_tpi_newdata_yolo11m_fulltrain/reports/model_14_error_analysis_summary.json

Saved annotated examples to:
/home3/gdyx28/Research Project/Research Project/iraq_tells_gis/Models/model_14_nd11_4_slope_tpi_newdata_yolo11m_fulltrain/figures/test_error_analysis
